// Jest Snapshot v1, https://goo.gl/fbAQLP

exports[`UserForm should take a snapshot 1`] = `<DocumentFragment />`;

exports[`UserModal should take a snapshot 1`] = `<DocumentFragment />`;
