// Jest Snapshot v1, https://goo.gl/fbAQLP

exports[`Home should take a snapshot 1`] = `
<DocumentFragment>
  <div
    class="home"
  >
    <div
      class="content"
    >
      <p
        class="text-main"
      >
        A better way 
        <br />
         to enjoy every day.
      </p>
      <p
        class="text-hint"
      >
        Be the first to know when we launch.
      </p>
      <button
        class="ant-btn"
        type="button"
      >
        <span>
          Request an invite
        </span>
      </button>
    </div>
    <div
      class="ant-modal-root"
    >
      <div
        class="ant-modal-wrap"
        role="dialog"
        style="display: none;"
        tabindex="-1"
      />
    </div>
  </div>
</DocumentFragment>
`;
